apiVersion: v1
kind: Namespace
metadata:
  annotations: {}
  labels:
    name: syn-rotating-bucket-backup
  name: syn-rotating-bucket-backup
